../Core/Inc/VL53L4CD_RANGING.h:63:13:GET_TOF_DATA	24	static
../Core/Inc/VL53L4CD_RANGING.h:118:13:TOF_INIT	24	static
../Core/Inc/VL53L4CD_RANGING.h:165:13:SET_TOF_PIN	16	static
../Core/Inc/VL53L4CD_RANGING.h:198:13:RESET_ALL_TOF_SEN	8	static
../Core/Inc/VL53L4CD_RANGING.h:216:13:SET_OFFSET	16	static
../Core/Inc/HCSR04_RANGING.h:66:13:GET_US_DATA	16	static
../Core/Inc/HCSR04_RANGING.h:108:6:HAL_TIM_IC_CaptureCallback	24	static
../Core/Inc/HCSR04_RANGING.h:139:13:SET_US_PULSE	16	static
../Core/Inc/HCSR04_RANGING.h:161:13:RESET_ALL_US_PIN	8	static
../Core/Inc/HCSR04_RANGING.h:171:13:START_IC_TIMER	16	static
../Core/Inc/HCSR04_RANGING.h:191:6:usDelay	16	static
../Core/Src/main.c:109:5:main	24	static
../Core/Src/main.c:248:6:HAL_UART_RxCpltCallback	16	static,ignoring_inline_asm
../Core/Src/main.c:254:13:TOGGLE_PIN	24	static
../Core/Src/main.c:274:13:SET_PWM_MOTOR	16	static
../Core/Src/main.c:285:13:SET_PWM_LENKUNG	16	static
../Core/Src/main.c:293:13:ENCODE_SIGN	16	static
../Core/Src/main.c:317:13:CHECK_STATE	16	static
../Core/Src/main.c:357:15:CHECK_BUTTON	16	static
../Core/Src/main.c:374:13:START_SIGNAL	24	static
../Core/Src/main.c:391:13:START_PARKING	48	static
../Core/Src/main.c:495:2:__io_putchar	16	static
../Core/Src/main.c:509:6:SystemClock_Config	96	static
../Core/Src/main.c:559:13:MX_I2C1_Init	8	static
../Core/Src/main.c:607:13:MX_TIM1_Init	56	static
../Core/Src/main.c:658:13:MX_TIM2_Init	64	static
../Core/Src/main.c:717:13:MX_TIM3_Init	64	static
../Core/Src/main.c:777:13:MX_TIM4_Init	40	static
../Core/Src/main.c:822:13:MX_TIM5_Init	56	static
../Core/Src/main.c:880:13:MX_TIM15_Init	56	static
../Core/Src/main.c:939:13:MX_USART1_UART_Init	8	static
../Core/Src/main.c:974:13:MX_USART2_UART_Init	8	static
../Core/Src/main.c:1007:13:MX_DMA_Init	16	static
../Core/Src/main.c:1034:13:MX_GPIO_Init	48	static
../Core/Src/main.c:1097:6:Error_Handler	4	static,ignoring_inline_asm
